
> nx run kernel:test --testFile=packages/kernel/src/enhancers/restoration/entity-field-presence.spec.ts --testFile=packages/kernel/src/enhancers/restoration/entity-field-presence-capture.spec.ts

> node tools/run-core-vitest.mjs --testFile=packages/kernel/src/enhancers/restoration/entity-field-presence.spec.ts --testFile=packages/kernel/src/enhancers/restoration/entity-field-presence-capture.spec.ts

(node:48521) Warning: The 'NO_COLOR' env is ignored due to the 'FORCE_COLOR' env being set.
(Use `node --trace-warnings ...` to show where the warning was created)
(node:48523) Warning: The 'NO_COLOR' env is ignored due to the 'FORCE_COLOR' env being set.
(Use `node --trace-warnings ...` to show where the warning was created)

 RUN  v4.1.9 /private/tmp/signaltree-v16-integration/packages/kernel

(node:48531) Warning: The 'NO_COLOR' env is ignored due to the 'FORCE_COLOR' env being set.
(Use `node --trace-warnings ...` to show where the warning was created)
(node:48532) Warning: The 'NO_COLOR' env is ignored due to the 'FORCE_COLOR' env being set.
(Use `node --trace-warnings ...` to show where the warning was created)

 Test Files  2 passed (2)
      Tests  23 passed (23)
   Start at  20:39:44
   Duration  472ms (transform 382ms, setup 0ms, import 484ms, tests 46ms, environment 283ms)




 NX   Successfully ran target test for project kernel


  Run duration:      820ms
  Cache:             Skipped (--skip-nx-cache)
  Critical path:     812ms (1 task)
  Recoverable time:  <1ms

  Recommendations:
    - Cache: drop --skip-nx-cache to restore unchanged tasks instantly.
    - Speed up or split the longest tasks on the critical path:
        kernel:test    812ms
