
<--- Last few GCs --->

[52289:0xc2a400000]     1865 ms: Mark-Compact (reduce) 254.2 (259.1) -> 254.1 (256.3) MB, pooled: 0 MB, 41.75 / 0.00 ms  (+ 0.0 ms in 3 steps since start of marking, biggest step 0.0 ms, walltime since start of marking 43 ms) (average mu = 0.233, current [52289:0xc2a400000]     1927 ms: Mark-Compact (reduce) 254.3 (256.3) -> 254.2 (256.6) MB, pooled: 0 MB, 53.71 / 0.00 ms  (+ 0.0 ms in 3 steps since start of marking, biggest step 0.0 ms, walltime since start of marking 55 ms) (average mu = 0.183, current 
FATAL ERROR: Ineffective mark-compacts near heap limit Allocation failed - JavaScript heap out of memory
----- Native stack trace -----

 1: 0x1009edaec node::OOMErrorHandler(char const*, v8::OOMDetails const&) [/Users/jonathanborgia/.nvm/versions/node/v24.15.0/bin/node]
 2: 0x100c40314 v8::internal::V8::FatalProcessOutOfMemory(v8::internal::Isolate*, char const*, v8::OOMDetails const&) [/Users/jonathanborgia/.nvm/versions/node/v24.15.0/bin/node]
 3: 0x100e9f700 v8::internal::Heap::stack() [/Users/jonathanborgia/.nvm/versions/node/v24.15.0/bin/node]
 4: 0x100ea2ad4 v8::internal::Heap::HasLowYoungGenerationAllocationRate() [/Users/jonathanborgia/.nvm/versions/node/v24.15.0/bin/node]
 5: 0x100eb3cc8 v8::internal::Heap::CollectGarbage(v8::internal::AllocationSpace, v8::internal::GarbageCollectionReason, v8::GCCallbackFlags)::$_1::operator()() const [/Users/jonathanborgia/.nvm/versions/node/v24.15.0/bin/node]
 6: 0x100eb359c void heap::base::Stack::SetMarkerAndCallbackImpl<v8::internal::Heap::CollectGarbage(v8::internal::AllocationSpace, v8::internal::GarbageCollectionReason, v8::GCCallbackFlags)::$_1>(heap::base::Stack*, void*, void const*) [/Users/jonathanborgia/.nvm/versions/node/v24.15.0/bin/node]
 7: 0x101869bf4 PushAllRegistersAndIterateStack [/Users/jonathanborgia/.nvm/versions/node/v24.15.0/bin/node]
 8: 0x100e9d404 v8::internal::Heap::CollectGarbage(v8::internal::AllocationSpace, v8::internal::GarbageCollectionReason, v8::GCCallbackFlags) [/Users/jonathanborgia/.nvm/versions/node/v24.15.0/bin/node]
 9: 0x100e14dc8 v8::internal::StackGuard::HandleInterrupts(v8::internal::StackGuard::InterruptLevel) [/Users/jonathanborgia/.nvm/versions/node/v24.15.0/bin/node]
10: 0x101303248 v8::internal::Runtime_StackGuardWithGap(int, unsigned long*, v8::internal::Isolate*) [/Users/jonathanborgia/.nvm/versions/node/v24.15.0/bin/node]
11: 0x10195a234 Builtins_CEntry_Return1_ArgvOnStack_NoBuiltinExit [/Users/jonathanborgia/.nvm/versions/node/v24.15.0/bin/node]
12: 0x12968063c 
13: 0x129682578 
14: 0x1018bcbec Builtins_InterpreterEntryTrampoline [/Users/jonathanborgia/.nvm/versions/node/v24.15.0/bin/node]
15: 0x1018bcbec Builtins_InterpreterEntryTrampoline [/Users/jonathanborgia/.nvm/versions/node/v24.15.0/bin/node]
16: 0x1018bcbec Builtins_InterpreterEntryTrampoline [/Users/jonathanborgia/.nvm/versions/node/v24.15.0/bin/node]
17: 0x1018bcbec Builtins_InterpreterEntryTrampoline [/Users/jonathanborgia/.nvm/versions/node/v24.15.0/bin/node]
18: 0x1018bcbec Builtins_InterpreterEntryTrampoline [/Users/jonathanborgia/.nvm/versions/node/v24.15.0/bin/node]
19: 0x1018bcbec Builtins_InterpreterEntryTrampoline [/Users/jonathanborgia/.nvm/versions/node/v24.15.0/bin/node]
20: 0x1018bcbec Builtins_InterpreterEntryTrampoline [/Users/jonathanborgia/.nvm/versions/node/v24.15.0/bin/node]
21: 0x1018bcbec Builtins_InterpreterEntryTrampoline [/Users/jonathanborgia/.nvm/versions/node/v24.15.0/bin/node]
22: 0x1018bcbec Builtins_InterpreterEntryTrampoline [/Users/jonathanborgia/.nvm/versions/node/v24.15.0/bin/node]
23: 0x1018bcbec Builtins_InterpreterEntryTrampoline [/Users/jonathanborgia/.nvm/versions/node/v24.15.0/bin/node]
24: 0x1018bcbec Builtins_InterpreterEntryTrampoline [/Users/jonathanborgia/.nvm/versions/node/v24.15.0/bin/node]
25: 0x1018bcbec Builtins_InterpreterEntryTrampoline [/Users/jonathanborgia/.nvm/versions/node/v24.15.0/bin/node]
26: 0x1018bcbec Builtins_InterpreterEntryTrampoline [/Users/jonathanborgia/.nvm/versions/node/v24.15.0/bin/node]
27: 0x1018bcbec Builtins_InterpreterEntryTrampoline [/Users/jonathanborgia/.nvm/versions/node/v24.15.0/bin/node]
28: 0x1018bcbec Builtins_InterpreterEntryTrampoline [/Users/jonathanborgia/.nvm/versions/node/v24.15.0/bin/node]
29: 0x1018bcbec Builtins_InterpreterEntryTrampoline [/Users/jonathanborgia/.nvm/versions/node/v24.15.0/bin/node]
30: 0x1018bcbec Builtins_InterpreterEntryTrampoline [/Users/jonathanborgia/.nvm/versions/node/v24.15.0/bin/node]
31: 0x1018bcbec Builtins_InterpreterEntryTrampoline [/Users/jonathanborgia/.nvm/versions/node/v24.15.0/bin/node]
32: 0x101966608 Builtins_AsyncModuleEvaluate [/Users/jonathanborgia/.nvm/versions/node/v24.15.0/bin/node]
33: 0x1018ba8cc Builtins_JSEntryTrampoline [/Users/jonathanborgia/.nvm/versions/node/v24.15.0/bin/node]
34: 0x1018ba570 Builtins_JSEntry [/Users/jonathanborgia/.nvm/versions/node/v24.15.0/bin/node]
35: 0x100de38f0 v8::internal::(anonymous namespace)::Invoke(v8::internal::Isolate*, v8::internal::(anonymous namespace)::InvokeParams const&) [/Users/jonathanborgia/.nvm/versions/node/v24.15.0/bin/node]
36: 0x100de411c v8::internal::(anonymous namespace)::InvokeWithTryCatch(v8::internal::Isolate*, v8::internal::(anonymous namespace)::InvokeParams const&) [/Users/jonathanborgia/.nvm/versions/node/v24.15.0/bin/node]
37: 0x100de41e8 v8::internal::Execution::TryCall(v8::internal::Isolate*, v8::internal::DirectHandle<v8::internal::Object>, v8::internal::DirectHandle<v8::internal::Object>, v8::base::Vector<v8::internal::DirectHandle<v8::internal::Object> const>, v8::internal::Execution::MessageHandling, v8::internal::MaybeDirectHandle<v8::internal::Object>*) [/Users/jonathanborgia/.nvm/versions/node/v24.15.0/bin/node]
38: 0x1011f8120 v8::internal::SourceTextModule::ExecuteAsyncModule(v8::internal::Isolate*, v8::internal::DirectHandle<v8::internal::SourceTextModule>) [/Users/jonathanborgia/.nvm/versions/node/v24.15.0/bin/node]
39: 0x1011f7c30 v8::internal::SourceTextModule::InnerModuleEvaluation(v8::internal::Isolate*, v8::internal::Handle<v8::internal::SourceTextModule>, v8::internal::ZoneForwardList<v8::internal::Handle<v8::internal::SourceTextModule>>*, unsigned int*) [/Users/jonathanborgia/.nvm/versions/node/v24.15.0/bin/node]
40: 0x1011f75c4 v8::internal::SourceTextModule::Evaluate(v8::internal::Isolate*, v8::internal::Handle<v8::internal::SourceTextModule>) [/Users/jonathanborgia/.nvm/versions/node/v24.15.0/bin/node]
41: 0x1011af69c v8::internal::Module::Evaluate(v8::internal::Isolate*, v8::internal::Handle<v8::internal::Module>) [/Users/jonathanborgia/.nvm/versions/node/v24.15.0/bin/node]
42: 0x100c47dc0 v8::Module::Evaluate(v8::Local<v8::Context>) [/Users/jonathanborgia/.nvm/versions/node/v24.15.0/bin/node]
43: 0x100990dac node::loader::ModuleWrap::Evaluate(v8::FunctionCallbackInfo<v8::Value> const&) [/Users/jonathanborgia/.nvm/versions/node/v24.15.0/bin/node]
44: 0x1018be818 Builtins_CallApiCallbackGeneric [/Users/jonathanborgia/.nvm/versions/node/v24.15.0/bin/node]
45: 0x1018bcbec Builtins_InterpreterEntryTrampoline [/Users/jonathanborgia/.nvm/versions/node/v24.15.0/bin/node]
46: 0x1018fb7e8 Builtins_AsyncFunctionAwaitResolveClosure [/Users/jonathanborgia/.nvm/versions/node/v24.15.0/bin/node]
47: 0x1019d0e58 Builtins_PromiseFulfillReactionJob [/Users/jonathanborgia/.nvm/versions/node/v24.15.0/bin/node]
48: 0x1018eabd0 Builtins_RunMicrotasks [/Users/jonathanborgia/.nvm/versions/node/v24.15.0/bin/node]
49: 0x1018ba7b0 Builtins_JSRunMicrotasksEntry [/Users/jonathanborgia/.nvm/versions/node/v24.15.0/bin/node]
50: 0x100de38a8 v8::internal::(anonymous namespace)::Invoke(v8::internal::Isolate*, v8::internal::(anonymous namespace)::InvokeParams const&) [/Users/jonathanborgia/.nvm/versions/node/v24.15.0/bin/node]
51: 0x100de411c v8::internal::(anonymous namespace)::InvokeWithTryCatch(v8::internal::Isolate*, v8::internal::(anonymous namespace)::InvokeParams const&) [/Users/jonathanborgia/.nvm/versions/node/v24.15.0/bin/node]
52: 0x100de4258 v8::internal::Execution::TryRunMicrotasks(v8::internal::Isolate*, v8::internal::MicrotaskQueue*) [/Users/jonathanborgia/.nvm/versions/node/v24.15.0/bin/node]
53: 0x100e1302c v8::internal::MicrotaskQueue::RunMicrotasks(v8::internal::Isolate*) [/Users/jonathanborgia/.nvm/versions/node/v24.15.0/bin/node]
54: 0x100e1398c v8::internal::MicrotaskQueue::PerformCheckpoint(v8::Isolate*) [/Users/jonathanborgia/.nvm/versions/node/v24.15.0/bin/node]
55: 0x1008cf0b8 node::InternalCallbackScope::Close() [/Users/jonathanborgia/.nvm/versions/node/v24.15.0/bin/node]
56: 0x1008cea90 node::InternalCallbackScope::~InternalCallbackScope() [/Users/jonathanborgia/.nvm/versions/node/v24.15.0/bin/node]
57: 0x100996e34 node::StartExecution(node::Environment*, std::__1::function<v8::MaybeLocal<v8::Value> (node::StartExecutionCallbackInfoWithModule const&)>) [/Users/jonathanborgia/.nvm/versions/node/v24.15.0/bin/node]
58: 0x1008d58c0 node::LoadEnvironment(node::Environment*, std::__1::function<v8::MaybeLocal<v8::Value> (node::StartExecutionCallbackInfoWithModule const&)>, std::__1::function<void (node::Environment*, v8::Local<v8::Value>, v8::Local<v8::Value>)>) [/Users/jonathanborgia/.nvm/versions/node/v24.15.0/bin/node]
59: 0x100a46960 node::NodeMainInstance::Run() [/Users/jonathanborgia/.nvm/versions/node/v24.15.0/bin/node]
60: 0x10099abb4 node::Start(int, char**) [/Users/jonathanborgia/.nvm/versions/node/v24.15.0/bin/node]
61: 0x19b3d9d54 start [/usr/lib/dyld]
